// Jest Snapshot v1, https://goo.gl/fbAQLP

exports[`GenericSetting component should render correctly 1`] = `
<RNCSafeAreaProvider
  onInsetsChange={[Function]}
  style={
    [
      {
        "flex": 1,
      },
      undefined,
    ]
  }
>
  <View
    dataSet={{}}
    style={{}}
  >
    <Text
      style={
        [
          {
            "color": "#18181b",
          },
          {
            "fontFamily": undefined,
            "fontSize": 19,
          },
          {
            "marginBottom": 10,
          },
        ]
      }
    >
      Name
    </Text>
    <View
      dataSet={{}}
      isFocused={false}
      style={
        {
          "alignItems": "center",
          "borderColor": "#d4d4d4",
          "borderRadius": 4,
          "borderWidth": 1,
          "flexDirection": "row",
          "overflow": "hidden",
        }
      }
    >
      <TextInput
        accessible={true}
        dataSet={{}}
        editable={true}
        onBlur={[Function]}
        onChangeText={[Function]}
        onFocus={[Function]}
        onKeyPress={[Function]}
        placeholderTextColor="#a3a3a3"
        secureTextEntry={false}
        style={
          {
            "backgroundColor": "transparent",
            "color": "#171717",
            "flex": 1,
            "fontFamily": undefined,
            "fontSize": 18,
            "fontStyle": "normal",
            "fontWeight": "400",
            "height": "100%",
            "paddingBottom": 8,
            "paddingLeft": 12,
            "paddingRight": 12,
            "paddingTop": 8,
            "width": "100%",
          }
        }
        testID="input"
        value="John Doe"
      />
    </View>
    <View
      dataSet={{}}
      style={{}}
    >
      <View
        accessibilityRole="button"
        accessible={true}
        collapsable={false}
        colorScheme="primary"
        dataSet={{}}
        focusable={true}
        onBlur={[Function]}
        onClick={[Function]}
        onFocus={[Function]}
        onResponderGrant={[Function]}
        onResponderMove={[Function]}
        onResponderRelease={[Function]}
        onResponderTerminate={[Function]}
        onResponderTerminationRequest={[Function]}
        onStartShouldSetResponder={[Function]}
        style={
          {
            "alignItems": "center",
            "backgroundColor": "#0891b2",
            "borderRadius": 4,
            "flexDirection": "row",
            "justifyContent": "center",
            "marginTop": 32,
            "paddingBottom": 10,
            "paddingLeft": 12,
            "paddingRight": 12,
            "paddingTop": 10,
          }
        }
        testID="button"
      >
        <View
          dataSet={{}}
          style={
            {
              "alignItems": "center",
              "flexDirection": "row",
            }
          }
          test={true}
        >
          <View
            dataSet={{}}
            style={{}}
          >
            <Text
              dataSet={{}}
              style={
                {
                  "backgroundColor": undefined,
                  "color": "#fafafa",
                  "fontFamily": undefined,
                  "fontSize": 14,
                  "fontStyle": "normal",
                  "fontWeight": "400",
                  "letterSpacing": 0,
                  "lineHeight": 21,
                  "textDecorationLine": undefined,
                }
              }
            >
              Done
            </Text>
          </View>
        </View>
      </View>
    </View>
  </View>
</RNCSafeAreaProvider>
`;
