// Jest Snapshot v1, https://goo.gl/fbAQLP

exports[`FollowListDisplay renders correctly 1`] = `
<RNCSafeAreaProvider
  onInsetsChange={[Function]}
  style={
    [
      {
        "flex": 1,
      },
      undefined,
    ]
  }
>
  <View
    style={
      [
        {
          "flex": 1,
        },
        undefined,
      ]
    }
  >
    <RNSScreenStack
      style={
        {
          "flex": 1,
        }
      }
    >
      <RNSScreen
        collapsable={false}
        forwardedRef={[Function]}
        gestureResponseDistance={
          {
            "bottom": -1,
            "end": -1,
            "start": -1,
            "top": -1,
          }
        }
        nativeBackButtonDismissalEnabled={false}
        onAppear={[Function]}
        onDisappear={[Function]}
        onDismissed={[Function]}
        onHeaderBackButtonClicked={[Function]}
        onNativeDismissCancelled={[Function]}
        onTransitionProgress={[Function]}
        onWillDisappear={[Function]}
        replaceAnimation="push"
        stackPresentation="push"
        style={
          {
            "bottom": 0,
            "left": 0,
            "position": "absolute",
            "right": 0,
            "top": 0,
          }
        }
        swipeDirection="horizontal"
      >
        <RNSScreenStackHeaderConfig
          backButtonInCustomView={false}
          backgroundColor="rgb(255, 255, 255)"
          color="rgb(0, 122, 255)"
          direction="ltr"
          disableBackButtonMenu={false}
          hidden={false}
          hideBackButton={false}
          largeTitleHideShadow={false}
          title="TestScreen"
          titleColor="rgb(28, 28, 30)"
          topInsetEnabled={false}
          translucent={false}
        />
        <View
          accessibilityElementsHidden={false}
          importantForAccessibility="auto"
          style={
            {
              "flex": 1,
              "flexDirection": "column-reverse",
            }
          }
        >
          <View
            style={
              [
                {
                  "flex": 1,
                },
                {
                  "backgroundColor": "rgb(242, 242, 242)",
                },
                undefined,
              ]
            }
          >
            <View
              dataSet={{}}
              style={
                {
                  "borderRadius": 8,
                  "flexGrow": 1,
                  "overflow": "hidden",
                }
              }
            >
              <View
                accessible={true}
                collapsable={false}
                focusable={true}
                onClick={[Function]}
                onResponderGrant={[Function]}
                onResponderMove={[Function]}
                onResponderRelease={[Function]}
                onResponderTerminate={[Function]}
                onResponderTerminationRequest={[Function]}
                onStartShouldSetResponder={[Function]}
                style={
                  {
                    "opacity": 1,
                  }
                }
                testID="follow-list-display"
              >
                <ViewManagerAdapter_ExpoLinearGradient
                  proxiedProperties={
                    {
                      "colors": [
                        4278220774,
                        4286456526,
                      ],
                      "endPoint": [
                        1,
                        1,
                      ],
                      "locations": undefined,
                      "startPoint": [
                        0,
                        0,
                      ],
                    }
                  }
                  style={
                    {
                      "padding": 12.5,
                    }
                  }
                >
                  <View
                    dataSet={{}}
                    style={
                      {
                        "alignItems": "center",
                        "display": "flex",
                        "justifyContent": "center",
                      }
                    }
                  >
                    <Text
                      style={
                        [
                          {
                            "color": "white",
                          },
                          {
                            "fontFamily": undefined,
                            "fontSize": 23,
                          },
                          undefined,
                        ]
                      }
                    >
                      10
                    </Text>
                    <Text
                      style={
                        [
                          {
                            "color": "white",
                          },
                          {
                            "fontFamily": undefined,
                            "fontSize": 15,
                          },
                          undefined,
                        ]
                      }
                    >
                      Follower
                    </Text>
                  </View>
                </ViewManagerAdapter_ExpoLinearGradient>
              </View>
            </View>
          </View>
        </View>
      </RNSScreen>
    </RNSScreenStack>
  </View>
</RNCSafeAreaProvider>
`;

exports[`FollowListDisplay should push navigation to followList when handlePress is called 1`] = `
<RNCSafeAreaProvider
  onInsetsChange={[Function]}
  style={
    [
      {
        "flex": 1,
      },
      undefined,
    ]
  }
>
  <View
    style={
      [
        {
          "flex": 1,
        },
        undefined,
      ]
    }
  >
    <RNSScreenStack
      style={
        {
          "flex": 1,
        }
      }
    >
      <RNSScreen
        collapsable={false}
        forwardedRef={[Function]}
        gestureResponseDistance={
          {
            "bottom": -1,
            "end": -1,
            "start": -1,
            "top": -1,
          }
        }
        nativeBackButtonDismissalEnabled={false}
        onAppear={[Function]}
        onDisappear={[Function]}
        onDismissed={[Function]}
        onHeaderBackButtonClicked={[Function]}
        onNativeDismissCancelled={[Function]}
        onTransitionProgress={[Function]}
        onWillDisappear={[Function]}
        replaceAnimation="push"
        stackPresentation="push"
        style={
          {
            "bottom": 0,
            "left": 0,
            "position": "absolute",
            "right": 0,
            "top": 0,
          }
        }
        swipeDirection="horizontal"
      >
        <RNSScreenStackHeaderConfig
          backButtonInCustomView={false}
          backgroundColor="rgb(255, 255, 255)"
          color="rgb(0, 122, 255)"
          direction="ltr"
          disableBackButtonMenu={false}
          hidden={false}
          hideBackButton={false}
          largeTitleHideShadow={false}
          title="TestScreen"
          titleColor="rgb(28, 28, 30)"
          topInsetEnabled={false}
          translucent={false}
        />
        <View
          accessibilityElementsHidden={false}
          importantForAccessibility="auto"
          style={
            {
              "flex": 1,
              "flexDirection": "column-reverse",
            }
          }
        >
          <View
            style={
              [
                {
                  "flex": 1,
                },
                {
                  "backgroundColor": "rgb(242, 242, 242)",
                },
                undefined,
              ]
            }
          >
            <View
              dataSet={{}}
              style={
                {
                  "borderRadius": 8,
                  "flexGrow": 1,
                  "overflow": "hidden",
                }
              }
            >
              <View
                accessible={true}
                collapsable={false}
                focusable={true}
                onClick={[Function]}
                onResponderGrant={[Function]}
                onResponderMove={[Function]}
                onResponderRelease={[Function]}
                onResponderTerminate={[Function]}
                onResponderTerminationRequest={[Function]}
                onStartShouldSetResponder={[Function]}
                style={
                  {
                    "opacity": 1,
                  }
                }
                testID="follow-list-display"
              >
                <ViewManagerAdapter_ExpoLinearGradient
                  proxiedProperties={
                    {
                      "colors": [
                        4278220774,
                        4286456526,
                      ],
                      "endPoint": [
                        1,
                        1,
                      ],
                      "locations": undefined,
                      "startPoint": [
                        0,
                        0,
                      ],
                    }
                  }
                  style={
                    {
                      "padding": 12.5,
                    }
                  }
                >
                  <View
                    dataSet={{}}
                    style={
                      {
                        "alignItems": "center",
                        "display": "flex",
                        "justifyContent": "center",
                      }
                    }
                  >
                    <Text
                      style={
                        [
                          {
                            "color": "white",
                          },
                          {
                            "fontFamily": undefined,
                            "fontSize": 23,
                          },
                          undefined,
                        ]
                      }
                    >
                      10
                    </Text>
                    <Text
                      style={
                        [
                          {
                            "color": "white",
                          },
                          {
                            "fontFamily": undefined,
                            "fontSize": 15,
                          },
                          undefined,
                        ]
                      }
                    >
                      Follower
                    </Text>
                  </View>
                </ViewManagerAdapter_ExpoLinearGradient>
              </View>
            </View>
          </View>
        </View>
      </RNSScreen>
    </RNSScreenStack>
  </View>
</RNCSafeAreaProvider>
`;
