// Jest Snapshot v1, https://goo.gl/fbAQLP

exports[`DoneButton renders correctly 1`] = `ReactWrapper {}`;
