// Jest Snapshot v1, https://goo.gl/fbAQLP

exports[`ChallengeLayout renders the challenge layout correctly 1`] = `
<RNCSafeAreaProvider
  onInsetsChange={[Function]}
  style={
    [
      {
        "flex": 1,
      },
      undefined,
    ]
  }
>
  <View
    style={
      [
        {
          "flex": 1,
        },
        undefined,
      ]
    }
  >
    <RNSScreenStack
      style={
        {
          "flex": 1,
        }
      }
    >
      <RNSScreen
        collapsable={false}
        forwardedRef={[Function]}
        gestureResponseDistance={
          {
            "bottom": -1,
            "end": -1,
            "start": -1,
            "top": -1,
          }
        }
        nativeBackButtonDismissalEnabled={false}
        onAppear={[Function]}
        onDisappear={[Function]}
        onDismissed={[Function]}
        onHeaderBackButtonClicked={[Function]}
        onNativeDismissCancelled={[Function]}
        onTransitionProgress={[Function]}
        onWillDisappear={[Function]}
        replaceAnimation="push"
        stackPresentation="push"
        style={
          {
            "bottom": 0,
            "left": 0,
            "position": "absolute",
            "right": 0,
            "top": 0,
          }
        }
        swipeDirection="horizontal"
      >
        <RNSScreenStackHeaderConfig
          backButtonInCustomView={false}
          backgroundColor="rgb(255, 255, 255)"
          color="rgb(0, 122, 255)"
          direction="ltr"
          disableBackButtonMenu={false}
          hidden={false}
          hideBackButton={false}
          largeTitleHideShadow={false}
          title="TestScreen"
          titleColor="rgb(28, 28, 30)"
          topInsetEnabled={false}
          translucent={false}
        />
        <View
          accessibilityElementsHidden={false}
          importantForAccessibility="auto"
          style={
            {
              "flex": 1,
              "flexDirection": "column-reverse",
            }
          }
        >
          <View
            style={
              [
                {
                  "flex": 1,
                },
                {
                  "backgroundColor": "rgb(242, 242, 242)",
                },
                undefined,
              ]
            }
          >
            <RCTScrollView
              contentContainerStyle={
                [
                  {},
                  {
                    "dataSet": {},
                  },
                  {},
                ]
              }
              dataSet={{}}
              style={{}}
            >
              <View>
                <View
                  style={
                    {
                      "height": "100%",
                      "padding": 25,
                      "width": "100%",
                    }
                  }
                >
                  <View
                    dataSet={{}}
                    style={
                      {
                        "alignItems": "center",
                        "display": "flex",
                        "justifyContent": "center",
                        "marginBottom": 25,
                      }
                    }
                  >
                    <Text
                      style={
                        [
                          {
                            "color": "#18181b",
                          },
                          {
                            "fontFamily": undefined,
                            "fontSize": 23,
                          },
                          undefined,
                        ]
                      }
                    >
                      Pick a Challenge! ðŸš€
                    </Text>
                  </View>
                  <View
                    dataSet={{}}
                    style={
                      {
                        "width": "100%",
                      }
                    }
                  />
                </View>
              </View>
            </RCTScrollView>
          </View>
        </View>
      </RNSScreen>
    </RNSScreenStack>
  </View>
</RNCSafeAreaProvider>
`;
