// Jest Snapshot v1, https://goo.gl/fbAQLP

exports[`ProfileStatistics renders correctly 1`] = `
<RNCSafeAreaProvider
  onInsetsChange={[Function]}
  style={
    [
      {
        "flex": 1,
      },
      undefined,
    ]
  }
>
  <View
    style={
      [
        {
          "flex": 1,
        },
        undefined,
      ]
    }
  >
    <RNSScreenStack
      style={
        {
          "flex": 1,
        }
      }
    >
      <RNSScreen
        collapsable={false}
        forwardedRef={[Function]}
        gestureResponseDistance={
          {
            "bottom": -1,
            "end": -1,
            "start": -1,
            "top": -1,
          }
        }
        nativeBackButtonDismissalEnabled={false}
        onAppear={[Function]}
        onDisappear={[Function]}
        onDismissed={[Function]}
        onHeaderBackButtonClicked={[Function]}
        onNativeDismissCancelled={[Function]}
        onTransitionProgress={[Function]}
        onWillDisappear={[Function]}
        replaceAnimation="push"
        stackPresentation="push"
        style={
          {
            "bottom": 0,
            "left": 0,
            "position": "absolute",
            "right": 0,
            "top": 0,
          }
        }
        swipeDirection="horizontal"
      >
        <RNSScreenStackHeaderConfig
          backButtonInCustomView={false}
          backgroundColor="rgb(255, 255, 255)"
          color="rgb(0, 122, 255)"
          direction="ltr"
          disableBackButtonMenu={false}
          hidden={false}
          hideBackButton={false}
          largeTitleHideShadow={false}
          title="TestScreen"
          titleColor="rgb(28, 28, 30)"
          topInsetEnabled={false}
          translucent={false}
        />
        <View
          accessibilityElementsHidden={false}
          importantForAccessibility="auto"
          style={
            {
              "flex": 1,
              "flexDirection": "column-reverse",
            }
          }
        >
          <View
            style={
              [
                {
                  "flex": 1,
                },
                {
                  "backgroundColor": "rgb(242, 242, 242)",
                },
                undefined,
              ]
            }
          >
            <View
              dataSet={{}}
              style={{}}
            >
              <Text
                dataSet={{}}
                style={
                  {
                    "backgroundColor": undefined,
                    "color": "#171717",
                    "fontFamily": undefined,
                    "fontSize": 24,
                    "fontStyle": "normal",
                    "fontWeight": "700",
                    "letterSpacing": 0,
                    "lineHeight": 30,
                    "marginBottom": 16,
                    "textDecorationLine": undefined,
                  }
                }
              >
                Statistics
              </Text>
              <View
                dataSet={{}}
                style={{}}
              />
              <View
                dataSet={{}}
                style={{}}
              >
                <View
                  dataSet={{}}
                  style={
                    {
                      "borderRadius": 8,
                      "overflow": "hidden",
                    }
                  }
                >
                  <ViewManagerAdapter_ExpoLinearGradient
                    proxiedProperties={
                      {
                        "colors": [
                          4294967295,
                          4294638330,
                        ],
                        "endPoint": [
                          1,
                          1,
                        ],
                        "locations": undefined,
                        "startPoint": [
                          0,
                          0,
                        ],
                      }
                    }
                    style={
                      {
                        "marginBottom": -9,
                        "padding": 12.5,
                      }
                    }
                  >
                    <Text
                      style={
                        [
                          {
                            "color": "#18181b",
                          },
                          {
                            "fontFamily": undefined,
                            "fontSize": 15,
                          },
                          undefined,
                        ]
                      }
                    >
                      Followers
                    </Text>
                    <Text
                      style={
                        [
                          {
                            "color": "#18181b",
                          },
                          {
                            "fontFamily": undefined,
                            "fontSize": 40,
                          },
                          undefined,
                        ]
                      }
                    >
                      100
                    </Text>
                  </ViewManagerAdapter_ExpoLinearGradient>
                </View>
                <View
                  dataSet={{}}
                  style={
                    {
                      "height": 12.5,
                    }
                  }
                />
                <View
                  dataSet={{}}
                  style={
                    {
                      "borderRadius": 8,
                      "overflow": "hidden",
                    }
                  }
                >
                  <ViewManagerAdapter_ExpoLinearGradient
                    proxiedProperties={
                      {
                        "colors": [
                          4294967295,
                          4294638330,
                        ],
                        "endPoint": [
                          1,
                          1,
                        ],
                        "locations": undefined,
                        "startPoint": [
                          0,
                          0,
                        ],
                      }
                    }
                    style={
                      {
                        "marginBottom": -9,
                        "padding": 12.5,
                      }
                    }
                  >
                    <Text
                      style={
                        [
                          {
                            "color": "#18181b",
                          },
                          {
                            "fontFamily": undefined,
                            "fontSize": 15,
                          },
                          undefined,
                        ]
                      }
                    >
                      Following
                    </Text>
                    <Text
                      style={
                        [
                          {
                            "color": "#18181b",
                          },
                          {
                            "fontFamily": undefined,
                            "fontSize": 40,
                          },
                          undefined,
                        ]
                      }
                    >
                      50
                    </Text>
                  </ViewManagerAdapter_ExpoLinearGradient>
                </View>
              </View>
            </View>
          </View>
        </View>
      </RNSScreen>
    </RNSScreenStack>
  </View>
</RNCSafeAreaProvider>
`;
