// Jest Snapshot v1, https://goo.gl/fbAQLP

exports[`CheckInSlider renders the check-in slider correctly 1`] = `
<RNCSafeAreaProvider
  onInsetsChange={[Function]}
  style={
    [
      {
        "flex": 1,
      },
      undefined,
    ]
  }
>
  <View
    style={
      [
        {
          "flex": 1,
        },
        undefined,
      ]
    }
  >
    <RNSScreenStack
      style={
        {
          "flex": 1,
        }
      }
    >
      <RNSScreen
        collapsable={false}
        forwardedRef={[Function]}
        gestureResponseDistance={
          {
            "bottom": -1,
            "end": -1,
            "start": -1,
            "top": -1,
          }
        }
        nativeBackButtonDismissalEnabled={false}
        onAppear={[Function]}
        onDisappear={[Function]}
        onDismissed={[Function]}
        onHeaderBackButtonClicked={[Function]}
        onNativeDismissCancelled={[Function]}
        onTransitionProgress={[Function]}
        onWillDisappear={[Function]}
        replaceAnimation="push"
        stackPresentation="push"
        style={
          {
            "bottom": 0,
            "left": 0,
            "position": "absolute",
            "right": 0,
            "top": 0,
          }
        }
        swipeDirection="horizontal"
      >
        <RNSScreenStackHeaderConfig
          backButtonInCustomView={false}
          backgroundColor="rgb(255, 255, 255)"
          color="rgb(0, 122, 255)"
          direction="ltr"
          disableBackButtonMenu={false}
          hidden={false}
          hideBackButton={false}
          largeTitleHideShadow={false}
          title="TestScreen"
          titleColor="rgb(28, 28, 30)"
          topInsetEnabled={false}
          translucent={false}
        />
        <View
          accessibilityElementsHidden={false}
          importantForAccessibility="auto"
          style={
            {
              "flex": 1,
              "flexDirection": "column-reverse",
            }
          }
        >
          <View
            style={
              [
                {
                  "flex": 1,
                },
                {
                  "backgroundColor": "rgb(242, 242, 242)",
                },
                undefined,
              ]
            }
          >
            <View
              dataSet={{}}
              style={
                {
                  "flexDirection": "row",
                  "marginTop": 12,
                }
              }
              testID="checkInSlider"
            >
              <View
                accessible={true}
                collapsable={false}
                focusable={false}
                onClick={[Function]}
                onResponderGrant={[Function]}
                onResponderMove={[Function]}
                onResponderRelease={[Function]}
                onResponderTerminate={[Function]}
                onResponderTerminationRequest={[Function]}
                onStartShouldSetResponder={[Function]}
                style={
                  {
                    "opacity": 1,
                  }
                }
                testID="checkInBox"
              >
                <View
                  dataSet={{}}
                  style={
                    {
                      "paddingBottom": 20,
                      "paddingLeft": 20,
                      "paddingRight": 20,
                      "paddingTop": 20,
                      "width": 150,
                    }
                  }
                >
                  <Image
                    accessibilityLabel="Alternate Text"
                    alt="Alternate Text"
                    dataSet={{}}
                    onError={[Function]}
                    source={
                      {
                        "uri": "https://picsum.photos/200",
                      }
                    }
                    style={
                      {
                        "borderRadius": 12,
                        "height": 128,
                        "maxWidth": "100%",
                        "position": "absolute",
                        "width": 128,
                      }
                    }
                  />
                  <Text
                    dataSet={{}}
                    style={
                      {
                        "backgroundColor": undefined,
                        "color": "#171717",
                        "elevation": 2,
                        "fontFamily": undefined,
                        "fontSize": 16,
                        "fontStyle": "normal",
                        "fontWeight": "700",
                        "letterSpacing": 0,
                        "lineHeight": 20,
                        "marginLeft": 8,
                        "marginTop": 4,
                        "position": "absolute",
                        "shadowColor": "#000000",
                        "shadowOffset": {
                          "height": 1,
                          "width": 0,
                        },
                        "shadowOpacity": 0.2,
                        "shadowRadius": 1.41,
                        "textDecorationLine": undefined,
                      }
                    }
                  >
                    Study
                  </Text>
                  <View
                    dataSet={{}}
                    style={
                      {
                        "marginLeft": -12,
                        "marginTop": 80,
                      }
                    }
                  >
                    <Text
                      dataSet={{}}
                      style={
                        {
                          "backgroundColor": undefined,
                          "color": "#dc2626",
                          "fontFamily": undefined,
                          "fontSize": 14,
                          "fontStyle": "normal",
                          "fontWeight": "400",
                          "letterSpacing": 0,
                          "lineHeight": 21,
                          "textDecorationLine": undefined,
                        }
                      }
                    >
                      3
                      h left!
                    </Text>
                  </View>
                </View>
              </View>
              <View
                dataSet={{}}
                style={{}}
              />
              <View
                accessible={true}
                collapsable={false}
                focusable={false}
                onClick={[Function]}
                onResponderGrant={[Function]}
                onResponderMove={[Function]}
                onResponderRelease={[Function]}
                onResponderTerminate={[Function]}
                onResponderTerminationRequest={[Function]}
                onStartShouldSetResponder={[Function]}
                style={
                  {
                    "opacity": 1,
                  }
                }
                testID="checkInBox"
              >
                <View
                  dataSet={{}}
                  style={
                    {
                      "paddingBottom": 20,
                      "paddingLeft": 20,
                      "paddingRight": 20,
                      "paddingTop": 20,
                      "width": 150,
                    }
                  }
                >
                  <Image
                    accessibilityLabel="Alternate Text"
                    alt="Alternate Text"
                    dataSet={{}}
                    onError={[Function]}
                    source={
                      {
                        "uri": "https://picsum.photos/200",
                      }
                    }
                    style={
                      {
                        "borderRadius": 12,
                        "height": 128,
                        "maxWidth": "100%",
                        "position": "absolute",
                        "width": 128,
                      }
                    }
                  />
                  <Text
                    dataSet={{}}
                    style={
                      {
                        "backgroundColor": undefined,
                        "color": "#171717",
                        "elevation": 2,
                        "fontFamily": undefined,
                        "fontSize": 16,
                        "fontStyle": "normal",
                        "fontWeight": "700",
                        "letterSpacing": 0,
                        "lineHeight": 20,
                        "marginLeft": 8,
                        "marginTop": 4,
                        "position": "absolute",
                        "shadowColor": "#000000",
                        "shadowOffset": {
                          "height": 1,
                          "width": 0,
                        },
                        "shadowOpacity": 0.2,
                        "shadowRadius": 1.41,
                        "textDecorationLine": undefined,
                      }
                    }
                  >
                    Sleep
                  </Text>
                  <View
                    dataSet={{}}
                    style={
                      {
                        "marginLeft": -12,
                        "marginTop": 80,
                      }
                    }
                  >
                    <Text
                      dataSet={{}}
                      style={
                        {
                          "backgroundColor": undefined,
                          "color": "#dc2626",
                          "fontFamily": undefined,
                          "fontSize": 14,
                          "fontStyle": "normal",
                          "fontWeight": "400",
                          "letterSpacing": 0,
                          "lineHeight": 21,
                          "textDecorationLine": undefined,
                        }
                      }
                    >
                      3
                      h left!
                    </Text>
                  </View>
                </View>
              </View>
              <View
                dataSet={{}}
                style={{}}
              />
              <View
                accessible={true}
                collapsable={false}
                focusable={false}
                onClick={[Function]}
                onResponderGrant={[Function]}
                onResponderMove={[Function]}
                onResponderRelease={[Function]}
                onResponderTerminate={[Function]}
                onResponderTerminationRequest={[Function]}
                onStartShouldSetResponder={[Function]}
                style={
                  {
                    "opacity": 1,
                  }
                }
                testID="checkInBox"
              >
                <View
                  dataSet={{}}
                  style={
                    {
                      "paddingBottom": 20,
                      "paddingLeft": 20,
                      "paddingRight": 20,
                      "paddingTop": 20,
                      "width": 150,
                    }
                  }
                >
                  <Image
                    accessibilityLabel="Alternate Text"
                    alt="Alternate Text"
                    dataSet={{}}
                    onError={[Function]}
                    source={
                      {
                        "uri": "https://picsum.photos/200",
                      }
                    }
                    style={
                      {
                        "borderRadius": 12,
                        "height": 128,
                        "maxWidth": "100%",
                        "position": "absolute",
                        "width": 128,
                      }
                    }
                  />
                  <Text
                    dataSet={{}}
                    style={
                      {
                        "backgroundColor": undefined,
                        "color": "#171717",
                        "elevation": 2,
                        "fontFamily": undefined,
                        "fontSize": 16,
                        "fontStyle": "normal",
                        "fontWeight": "700",
                        "letterSpacing": 0,
                        "lineHeight": 20,
                        "marginLeft": 8,
                        "marginTop": 4,
                        "position": "absolute",
                        "shadowColor": "#000000",
                        "shadowOffset": {
                          "height": 1,
                          "width": 0,
                        },
                        "shadowOpacity": 0.2,
                        "shadowRadius": 1.41,
                        "textDecorationLine": undefined,
                      }
                    }
                  >
                    Fitness
                  </Text>
                  <View
                    dataSet={{}}
                    style={
                      {
                        "marginLeft": -12,
                        "marginTop": 80,
                      }
                    }
                  >
                    <Text
                      dataSet={{}}
                      style={
                        {
                          "backgroundColor": undefined,
                          "color": "#dc2626",
                          "fontFamily": undefined,
                          "fontSize": 14,
                          "fontStyle": "normal",
                          "fontWeight": "400",
                          "letterSpacing": 0,
                          "lineHeight": 21,
                          "textDecorationLine": undefined,
                        }
                      }
                    >
                      3
                      h left!
                    </Text>
                  </View>
                </View>
              </View>
              <View
                dataSet={{}}
                style={{}}
              />
              <View
                accessible={true}
                collapsable={false}
                focusable={false}
                onClick={[Function]}
                onResponderGrant={[Function]}
                onResponderMove={[Function]}
                onResponderRelease={[Function]}
                onResponderTerminate={[Function]}
                onResponderTerminationRequest={[Function]}
                onStartShouldSetResponder={[Function]}
                style={
                  {
                    "opacity": 1,
                  }
                }
                testID="checkInBox"
              >
                <View
                  dataSet={{}}
                  style={
                    {
                      "paddingBottom": 20,
                      "paddingLeft": 20,
                      "paddingRight": 20,
                      "paddingTop": 20,
                      "width": 150,
                    }
                  }
                >
                  <Image
                    accessibilityLabel="Alternate Text"
                    alt="Alternate Text"
                    dataSet={{}}
                    onError={[Function]}
                    source={
                      {
                        "uri": "https://picsum.photos/200",
                      }
                    }
                    style={
                      {
                        "borderRadius": 12,
                        "height": 128,
                        "maxWidth": "100%",
                        "position": "absolute",
                        "width": 128,
                      }
                    }
                  />
                  <Text
                    dataSet={{}}
                    style={
                      {
                        "backgroundColor": undefined,
                        "color": "#171717",
                        "elevation": 2,
                        "fontFamily": undefined,
                        "fontSize": 16,
                        "fontStyle": "normal",
                        "fontWeight": "700",
                        "letterSpacing": 0,
                        "lineHeight": 20,
                        "marginLeft": 8,
                        "marginTop": 4,
                        "position": "absolute",
                        "shadowColor": "#000000",
                        "shadowOffset": {
                          "height": 1,
                          "width": 0,
                        },
                        "shadowOpacity": 0.2,
                        "shadowRadius": 1.41,
                        "textDecorationLine": undefined,
                      }
                    }
                  >
                    study
                  </Text>
                  <View
                    dataSet={{}}
                    style={
                      {
                        "marginLeft": -12,
                        "marginTop": 80,
                      }
                    }
                  >
                    <Text
                      dataSet={{}}
                      style={
                        {
                          "backgroundColor": undefined,
                          "color": "#dc2626",
                          "fontFamily": undefined,
                          "fontSize": 14,
                          "fontStyle": "normal",
                          "fontWeight": "400",
                          "letterSpacing": 0,
                          "lineHeight": 21,
                          "textDecorationLine": undefined,
                        }
                      }
                    >
                      3
                      h left!
                    </Text>
                  </View>
                </View>
              </View>
              <View
                dataSet={{}}
                style={{}}
              />
              <View
                accessible={true}
                collapsable={false}
                focusable={false}
                onClick={[Function]}
                onResponderGrant={[Function]}
                onResponderMove={[Function]}
                onResponderRelease={[Function]}
                onResponderTerminate={[Function]}
                onResponderTerminationRequest={[Function]}
                onStartShouldSetResponder={[Function]}
                style={
                  {
                    "opacity": 1,
                  }
                }
                testID="checkInBox"
              >
                <View
                  dataSet={{}}
                  style={
                    {
                      "paddingBottom": 20,
                      "paddingLeft": 20,
                      "paddingRight": 20,
                      "paddingTop": 20,
                      "width": 150,
                    }
                  }
                >
                  <Image
                    accessibilityLabel="Alternate Text"
                    alt="Alternate Text"
                    dataSet={{}}
                    onError={[Function]}
                    source={
                      {
                        "uri": "https://picsum.photos/200",
                      }
                    }
                    style={
                      {
                        "borderRadius": 12,
                        "height": 128,
                        "maxWidth": "100%",
                        "position": "absolute",
                        "width": 128,
                      }
                    }
                  />
                  <Text
                    dataSet={{}}
                    style={
                      {
                        "backgroundColor": undefined,
                        "color": "#171717",
                        "elevation": 2,
                        "fontFamily": undefined,
                        "fontSize": 16,
                        "fontStyle": "normal",
                        "fontWeight": "700",
                        "letterSpacing": 0,
                        "lineHeight": 20,
                        "marginLeft": 8,
                        "marginTop": 4,
                        "position": "absolute",
                        "shadowColor": "#000000",
                        "shadowOffset": {
                          "height": 1,
                          "width": 0,
                        },
                        "shadowOpacity": 0.2,
                        "shadowRadius": 1.41,
                        "textDecorationLine": undefined,
                      }
                    }
                  >
                    sleep
                  </Text>
                  <View
                    dataSet={{}}
                    style={
                      {
                        "marginLeft": -12,
                        "marginTop": 80,
                      }
                    }
                  >
                    <Text
                      dataSet={{}}
                      style={
                        {
                          "backgroundColor": undefined,
                          "color": "#dc2626",
                          "fontFamily": undefined,
                          "fontSize": 14,
                          "fontStyle": "normal",
                          "fontWeight": "400",
                          "letterSpacing": 0,
                          "lineHeight": 21,
                          "textDecorationLine": undefined,
                        }
                      }
                    >
                      3
                      h left!
                    </Text>
                  </View>
                </View>
              </View>
              <View
                dataSet={{}}
                style={{}}
              />
              <View
                accessible={true}
                collapsable={false}
                focusable={false}
                onClick={[Function]}
                onResponderGrant={[Function]}
                onResponderMove={[Function]}
                onResponderRelease={[Function]}
                onResponderTerminate={[Function]}
                onResponderTerminationRequest={[Function]}
                onStartShouldSetResponder={[Function]}
                style={
                  {
                    "opacity": 1,
                  }
                }
                testID="checkInBox"
              >
                <View
                  dataSet={{}}
                  style={
                    {
                      "paddingBottom": 20,
                      "paddingLeft": 20,
                      "paddingRight": 20,
                      "paddingTop": 20,
                      "width": 150,
                    }
                  }
                >
                  <Image
                    accessibilityLabel="Alternate Text"
                    alt="Alternate Text"
                    dataSet={{}}
                    onError={[Function]}
                    source={
                      {
                        "uri": "https://picsum.photos/200",
                      }
                    }
                    style={
                      {
                        "borderRadius": 12,
                        "height": 128,
                        "maxWidth": "100%",
                        "position": "absolute",
                        "width": 128,
                      }
                    }
                  />
                  <Text
                    dataSet={{}}
                    style={
                      {
                        "backgroundColor": undefined,
                        "color": "#171717",
                        "elevation": 2,
                        "fontFamily": undefined,
                        "fontSize": 16,
                        "fontStyle": "normal",
                        "fontWeight": "700",
                        "letterSpacing": 0,
                        "lineHeight": 20,
                        "marginLeft": 8,
                        "marginTop": 4,
                        "position": "absolute",
                        "shadowColor": "#000000",
                        "shadowOffset": {
                          "height": 1,
                          "width": 0,
                        },
                        "shadowOpacity": 0.2,
                        "shadowRadius": 1.41,
                        "textDecorationLine": undefined,
                      }
                    }
                  >
                    fitness
                  </Text>
                  <View
                    dataSet={{}}
                    style={
                      {
                        "marginLeft": -12,
                        "marginTop": 80,
                      }
                    }
                  >
                    <Text
                      dataSet={{}}
                      style={
                        {
                          "backgroundColor": undefined,
                          "color": "#dc2626",
                          "fontFamily": undefined,
                          "fontSize": 14,
                          "fontStyle": "normal",
                          "fontWeight": "400",
                          "letterSpacing": 0,
                          "lineHeight": 21,
                          "textDecorationLine": undefined,
                        }
                      }
                    >
                      3
                      h left!
                    </Text>
                  </View>
                </View>
              </View>
              <View
                dataSet={{}}
                style={{}}
              />
              <View
                accessible={true}
                collapsable={false}
                focusable={false}
                onClick={[Function]}
                onResponderGrant={[Function]}
                onResponderMove={[Function]}
                onResponderRelease={[Function]}
                onResponderTerminate={[Function]}
                onResponderTerminationRequest={[Function]}
                onStartShouldSetResponder={[Function]}
                style={
                  {
                    "opacity": 1,
                  }
                }
                testID="checkInBox"
              >
                <View
                  dataSet={{}}
                  style={
                    {
                      "paddingBottom": 20,
                      "paddingLeft": 20,
                      "paddingRight": 20,
                      "paddingTop": 20,
                      "width": 150,
                    }
                  }
                >
                  <Image
                    accessibilityLabel="Alternate Text"
                    alt="Alternate Text"
                    dataSet={{}}
                    onError={[Function]}
                    source={
                      {
                        "uri": "https://picsum.photos/200",
                      }
                    }
                    style={
                      {
                        "borderRadius": 12,
                        "height": 128,
                        "maxWidth": "100%",
                        "position": "absolute",
                        "width": 128,
                      }
                    }
                  />
                  <Text
                    dataSet={{}}
                    style={
                      {
                        "backgroundColor": undefined,
                        "color": "#171717",
                        "elevation": 2,
                        "fontFamily": undefined,
                        "fontSize": 16,
                        "fontStyle": "normal",
                        "fontWeight": "700",
                        "letterSpacing": 0,
                        "lineHeight": 20,
                        "marginLeft": 8,
                        "marginTop": 4,
                        "position": "absolute",
                        "shadowColor": "#000000",
                        "shadowOffset": {
                          "height": 1,
                          "width": 0,
                        },
                        "shadowOpacity": 0.2,
                        "shadowRadius": 1.41,
                        "textDecorationLine": undefined,
                      }
                    }
                  >
                    study
                  </Text>
                  <View
                    dataSet={{}}
                    style={
                      {
                        "marginLeft": -12,
                        "marginTop": 80,
                      }
                    }
                  >
                    <Text
                      dataSet={{}}
                      style={
                        {
                          "backgroundColor": undefined,
                          "color": "#dc2626",
                          "fontFamily": undefined,
                          "fontSize": 14,
                          "fontStyle": "normal",
                          "fontWeight": "400",
                          "letterSpacing": 0,
                          "lineHeight": 21,
                          "textDecorationLine": undefined,
                        }
                      }
                    >
                      3
                      h left!
                    </Text>
                  </View>
                </View>
              </View>
              <View
                dataSet={{}}
                style={{}}
              />
              <View
                accessible={true}
                collapsable={false}
                focusable={false}
                onClick={[Function]}
                onResponderGrant={[Function]}
                onResponderMove={[Function]}
                onResponderRelease={[Function]}
                onResponderTerminate={[Function]}
                onResponderTerminationRequest={[Function]}
                onStartShouldSetResponder={[Function]}
                style={
                  {
                    "opacity": 1,
                  }
                }
                testID="checkInBox"
              >
                <View
                  dataSet={{}}
                  style={
                    {
                      "paddingBottom": 20,
                      "paddingLeft": 20,
                      "paddingRight": 20,
                      "paddingTop": 20,
                      "width": 150,
                    }
                  }
                >
                  <Image
                    accessibilityLabel="Alternate Text"
                    alt="Alternate Text"
                    dataSet={{}}
                    onError={[Function]}
                    source={
                      {
                        "uri": "https://picsum.photos/200",
                      }
                    }
                    style={
                      {
                        "borderRadius": 12,
                        "height": 128,
                        "maxWidth": "100%",
                        "position": "absolute",
                        "width": 128,
                      }
                    }
                  />
                  <Text
                    dataSet={{}}
                    style={
                      {
                        "backgroundColor": undefined,
                        "color": "#171717",
                        "elevation": 2,
                        "fontFamily": undefined,
                        "fontSize": 16,
                        "fontStyle": "normal",
                        "fontWeight": "700",
                        "letterSpacing": 0,
                        "lineHeight": 20,
                        "marginLeft": 8,
                        "marginTop": 4,
                        "position": "absolute",
                        "shadowColor": "#000000",
                        "shadowOffset": {
                          "height": 1,
                          "width": 0,
                        },
                        "shadowOpacity": 0.2,
                        "shadowRadius": 1.41,
                        "textDecorationLine": undefined,
                      }
                    }
                  >
                    sleep
                  </Text>
                  <View
                    dataSet={{}}
                    style={
                      {
                        "marginLeft": -12,
                        "marginTop": 80,
                      }
                    }
                  >
                    <Text
                      dataSet={{}}
                      style={
                        {
                          "backgroundColor": undefined,
                          "color": "#dc2626",
                          "fontFamily": undefined,
                          "fontSize": 14,
                          "fontStyle": "normal",
                          "fontWeight": "400",
                          "letterSpacing": 0,
                          "lineHeight": 21,
                          "textDecorationLine": undefined,
                        }
                      }
                    >
                      3
                      h left!
                    </Text>
                  </View>
                </View>
              </View>
              <View
                dataSet={{}}
                style={{}}
              />
              <View
                accessible={true}
                collapsable={false}
                focusable={false}
                onClick={[Function]}
                onResponderGrant={[Function]}
                onResponderMove={[Function]}
                onResponderRelease={[Function]}
                onResponderTerminate={[Function]}
                onResponderTerminationRequest={[Function]}
                onStartShouldSetResponder={[Function]}
                style={
                  {
                    "opacity": 1,
                  }
                }
                testID="checkInBox"
              >
                <View
                  dataSet={{}}
                  style={
                    {
                      "paddingBottom": 20,
                      "paddingLeft": 20,
                      "paddingRight": 20,
                      "paddingTop": 20,
                      "width": 150,
                    }
                  }
                >
                  <Image
                    accessibilityLabel="Alternate Text"
                    alt="Alternate Text"
                    dataSet={{}}
                    onError={[Function]}
                    source={
                      {
                        "uri": "https://picsum.photos/200",
                      }
                    }
                    style={
                      {
                        "borderRadius": 12,
                        "height": 128,
                        "maxWidth": "100%",
                        "position": "absolute",
                        "width": 128,
                      }
                    }
                  />
                  <Text
                    dataSet={{}}
                    style={
                      {
                        "backgroundColor": undefined,
                        "color": "#171717",
                        "elevation": 2,
                        "fontFamily": undefined,
                        "fontSize": 16,
                        "fontStyle": "normal",
                        "fontWeight": "700",
                        "letterSpacing": 0,
                        "lineHeight": 20,
                        "marginLeft": 8,
                        "marginTop": 4,
                        "position": "absolute",
                        "shadowColor": "#000000",
                        "shadowOffset": {
                          "height": 1,
                          "width": 0,
                        },
                        "shadowOpacity": 0.2,
                        "shadowRadius": 1.41,
                        "textDecorationLine": undefined,
                      }
                    }
                  >
                    fitness
                  </Text>
                  <View
                    dataSet={{}}
                    style={
                      {
                        "marginLeft": -12,
                        "marginTop": 80,
                      }
                    }
                  >
                    <Text
                      dataSet={{}}
                      style={
                        {
                          "backgroundColor": undefined,
                          "color": "#dc2626",
                          "fontFamily": undefined,
                          "fontSize": 14,
                          "fontStyle": "normal",
                          "fontWeight": "400",
                          "letterSpacing": 0,
                          "lineHeight": 21,
                          "textDecorationLine": undefined,
                        }
                      }
                    >
                      3
                      h left!
                    </Text>
                  </View>
                </View>
              </View>
            </View>
          </View>
        </View>
      </RNSScreen>
    </RNSScreenStack>
  </View>
</RNCSafeAreaProvider>
`;
