// Jest Snapshot v1, https://goo.gl/fbAQLP

exports[`ChallengeBoxes renders the challenge boxes correctly 1`] = `
<RNCSafeAreaProvider
  onInsetsChange={[Function]}
  style={
    [
      {
        "flex": 1,
      },
      undefined,
    ]
  }
>
  <View
    style={
      [
        {
          "flex": 1,
        },
        undefined,
      ]
    }
  >
    <RNSScreenStack
      style={
        {
          "flex": 1,
        }
      }
    >
      <RNSScreen
        collapsable={false}
        forwardedRef={[Function]}
        gestureResponseDistance={
          {
            "bottom": -1,
            "end": -1,
            "start": -1,
            "top": -1,
          }
        }
        nativeBackButtonDismissalEnabled={false}
        onAppear={[Function]}
        onDisappear={[Function]}
        onDismissed={[Function]}
        onHeaderBackButtonClicked={[Function]}
        onNativeDismissCancelled={[Function]}
        onTransitionProgress={[Function]}
        onWillDisappear={[Function]}
        replaceAnimation="push"
        stackPresentation="push"
        style={
          {
            "bottom": 0,
            "left": 0,
            "position": "absolute",
            "right": 0,
            "top": 0,
          }
        }
        swipeDirection="horizontal"
      >
        <RNSScreenStackHeaderConfig
          backButtonInCustomView={false}
          backgroundColor="rgb(255, 255, 255)"
          color="rgb(0, 122, 255)"
          direction="ltr"
          disableBackButtonMenu={false}
          hidden={false}
          hideBackButton={false}
          largeTitleHideShadow={false}
          title="TestScreen"
          titleColor="rgb(28, 28, 30)"
          topInsetEnabled={false}
          translucent={false}
        />
        <View
          accessibilityElementsHidden={false}
          importantForAccessibility="auto"
          style={
            {
              "flex": 1,
              "flexDirection": "column-reverse",
            }
          }
        >
          <View
            style={
              [
                {
                  "flex": 1,
                },
                {
                  "backgroundColor": "rgb(242, 242, 242)",
                },
                undefined,
              ]
            }
          >
            <View
              isFullWidth={true}
              onPress={[Function]}
              style={
                {
                  "marginBottom": 25,
                  "marginHorizontal": 25,
                }
              }
              type={0}
            >
              <View
                accessible={true}
                collapsable={false}
                focusable={true}
                onClick={[Function]}
                onResponderGrant={[Function]}
                onResponderMove={[Function]}
                onResponderRelease={[Function]}
                onResponderTerminate={[Function]}
                onResponderTerminationRequest={[Function]}
                onStartShouldSetResponder={[Function]}
                style={
                  {
                    "marginBottom": 25,
                    "marginHorizontal": 25,
                    "opacity": 1,
                  }
                }
              >
                <ViewManagerAdapter_ExpoLinearGradient
                  proxiedProperties={
                    {
                      "colors": [
                        4278220774,
                        4286456526,
                      ],
                      "endPoint": [
                        1,
                        1,
                      ],
                      "locations": undefined,
                      "startPoint": [
                        0,
                        0,
                      ],
                    }
                  }
                  style={
                    [
                      {
                        "alignItems": "center",
                        "borderRadius": 10,
                        "flexDirection": "row",
                        "justifyContent": "center",
                        "paddingHorizontal": 40,
                        "paddingVertical": 15,
                      },
                      {
                        "width": "100%",
                      },
                    ]
                  }
                >
                  <Text
                    style={
                      [
                        {
                          "color": "#18181b",
                        },
                        {
                          "color": "#e4e4e7",
                          "fontFamily": undefined,
                          "fontSize": 19,
                        },
                        [
                          null,
                          {
                            "alignSelf": "center",
                          },
                        ],
                      ]
                    }
                  >
                    Discover more!
                  </Text>
                  <View
                    style={
                      {
                        "marginLeft": 5,
                      }
                    }
                  />
                </ViewManagerAdapter_ExpoLinearGradient>
              </View>
            </View>
          </View>
        </View>
      </RNSScreen>
    </RNSScreenStack>
  </View>
</RNCSafeAreaProvider>
`;
